// Jest Snapshot v1, https://goo.gl/fbAQLP

exports[`renders without crashing 1`] = `
<span>
  D3 v
  5.9.2
</span>
`;
