// Jest Snapshot v1, https://goo.gl/fbAQLP

exports[`<Circle /> should render without crashing 1`] = `
<svg
  onClick={[Function]}
  style={
    Object {
      "fill": "black",
      "height": 100,
      "width": 340,
    }
  }
>
  <circle
    cx={0}
    cy={15}
    r={10}
  />
</svg>
`;
